// Jest Snapshot v1, https://goo.gl/fbAQLP

exports[`TESTING Menu component GIVEN valid props WHEN the MenuContext is closed THEN it should match the snapshot 1`] = `
<DocumentFragment>
  <nav
    class="fixed bottom-0 left-0 bg-new-highlight py-4 md:py-6 lg:py-12 h-[400px] md:h-[500px] w-full z-20 duration-500 overflow-hidden ease-menu translate-y-full"
    data-testid="menu-container"
  >
    <div
      class="px-4 lg:px-12 menu flex flex-row justify-center w-full pb-8 pr-8 overflow-x-auto text-new-white transition-transform duration-500 ease-menu lg:scale-75 lg:-translate-y-[120%] pointer-events-none"
    >
      <div
        class="flex flex-row gap-4 h-full w-full"
      >
        <a
          class="flex flex-col gap-1 md:gap-2 last:pr-4 cursor-pointer relative group"
          data-testid="menu-item-container"
          href="/"
          role="button"
        >
          <div
            class="flex flex-row items-center gap-2"
          >
            <span
              class="aspect-square w-3 rounded-full transition opacity-0 group-hover:opacity-100 bg-new-white"
            />
            <h3
              class="font-comfortaa text-sm md:text-lg transition-transform line-clamp-1 text-new-black -translate-x-4 group-hover:translate-x-0"
            >
              Home
            </h3>
          </div>
          <div
            class="relative aspect-[428/926] md:aspect-[744/1133] lg:aspect-[499/322] h-[220px] md:h-[300px] lg:h-[220px] shadow-default overflow-hidden rounded w-fit"
          >
            <div
              class="md:hidden"
            >
              <img
                alt="Home"
                class="object-fill object-center lg:group-hover:scale-105 duration-500"
                data-nimg="fill"
                decoding="async"
                loading="lazy"
                sizes="33vw"
                src="/_next/image?url=%2Fassets%2Fmenu%2Fhome-page.phone.png&w=3840&q=75"
                srcset="/_next/image?url=%2Fassets%2Fmenu%2Fhome-page.phone.png&w=256&q=75 256w, /_next/image?url=%2Fassets%2Fmenu%2Fhome-page.phone.png&w=384&q=75 384w, /_next/image?url=%2Fassets%2Fmenu%2Fhome-page.phone.png&w=640&q=75 640w, /_next/image?url=%2Fassets%2Fmenu%2Fhome-page.phone.png&w=750&q=75 750w, /_next/image?url=%2Fassets%2Fmenu%2Fhome-page.phone.png&w=828&q=75 828w, /_next/image?url=%2Fassets%2Fmenu%2Fhome-page.phone.png&w=1080&q=75 1080w, /_next/image?url=%2Fassets%2Fmenu%2Fhome-page.phone.png&w=1200&q=75 1200w, /_next/image?url=%2Fassets%2Fmenu%2Fhome-page.phone.png&w=1920&q=75 1920w, /_next/image?url=%2Fassets%2Fmenu%2Fhome-page.phone.png&w=2048&q=75 2048w, /_next/image?url=%2Fassets%2Fmenu%2Fhome-page.phone.png&w=3840&q=75 3840w"
                style="position: absolute; height: 100%; width: 100%; left: 0px; top: 0px; right: 0px; bottom: 0px; color: transparent;"
              />
            </div>
            <div
              class="hidden md:block lg:hidden"
            >
              <img
                alt="Home"
                class="object-fill object-center lg:group-hover:scale-105 duration-500"
                data-nimg="fill"
                decoding="async"
                loading="lazy"
                sizes="33vw"
                src="/_next/image?url=%2Fassets%2Fmenu%2Fhome-page.tablet.png&w=3840&q=75"
                srcset="/_next/image?url=%2Fassets%2Fmenu%2Fhome-page.tablet.png&w=256&q=75 256w, /_next/image?url=%2Fassets%2Fmenu%2Fhome-page.tablet.png&w=384&q=75 384w, /_next/image?url=%2Fassets%2Fmenu%2Fhome-page.tablet.png&w=640&q=75 640w, /_next/image?url=%2Fassets%2Fmenu%2Fhome-page.tablet.png&w=750&q=75 750w, /_next/image?url=%2Fassets%2Fmenu%2Fhome-page.tablet.png&w=828&q=75 828w, /_next/image?url=%2Fassets%2Fmenu%2Fhome-page.tablet.png&w=1080&q=75 1080w, /_next/image?url=%2Fassets%2Fmenu%2Fhome-page.tablet.png&w=1200&q=75 1200w, /_next/image?url=%2Fassets%2Fmenu%2Fhome-page.tablet.png&w=1920&q=75 1920w, /_next/image?url=%2Fassets%2Fmenu%2Fhome-page.tablet.png&w=2048&q=75 2048w, /_next/image?url=%2Fassets%2Fmenu%2Fhome-page.tablet.png&w=3840&q=75 3840w"
                style="position: absolute; height: 100%; width: 100%; left: 0px; top: 0px; right: 0px; bottom: 0px; color: transparent;"
              />
            </div>
            <div
              class="hidden lg:block"
            >
              <img
                alt="Home"
                class="object-fill object-center lg:group-hover:scale-105 duration-500"
                data-nimg="fill"
                decoding="async"
                loading="lazy"
                sizes="33vw"
                src="/_next/image?url=%2Fassets%2Fmenu%2Fhome-page.desktop.png&w=3840&q=75"
                srcset="/_next/image?url=%2Fassets%2Fmenu%2Fhome-page.desktop.png&w=256&q=75 256w, /_next/image?url=%2Fassets%2Fmenu%2Fhome-page.desktop.png&w=384&q=75 384w, /_next/image?url=%2Fassets%2Fmenu%2Fhome-page.desktop.png&w=640&q=75 640w, /_next/image?url=%2Fassets%2Fmenu%2Fhome-page.desktop.png&w=750&q=75 750w, /_next/image?url=%2Fassets%2Fmenu%2Fhome-page.desktop.png&w=828&q=75 828w, /_next/image?url=%2Fassets%2Fmenu%2Fhome-page.desktop.png&w=1080&q=75 1080w, /_next/image?url=%2Fassets%2Fmenu%2Fhome-page.desktop.png&w=1200&q=75 1200w, /_next/image?url=%2Fassets%2Fmenu%2Fhome-page.desktop.png&w=1920&q=75 1920w, /_next/image?url=%2Fassets%2Fmenu%2Fhome-page.desktop.png&w=2048&q=75 2048w, /_next/image?url=%2Fassets%2Fmenu%2Fhome-page.desktop.png&w=3840&q=75 3840w"
                style="position: absolute; height: 100%; width: 100%; left: 0px; top: 0px; right: 0px; bottom: 0px; color: transparent;"
              />
            </div>
          </div>
        </a>
        <a
          class="flex flex-col gap-1 md:gap-2 last:pr-4 cursor-pointer relative group"
          data-testid="menu-item-container"
          href="/about"
          role="button"
        >
          <div
            class="flex flex-row items-center gap-2"
          >
            <span
              class="aspect-square w-3 rounded-full transition opacity-0 group-hover:opacity-100 bg-new-white"
            />
            <h3
              class="font-comfortaa text-sm md:text-lg transition-transform line-clamp-1 text-new-black -translate-x-4 group-hover:translate-x-0"
            >
              About
            </h3>
          </div>
          <div
            class="relative aspect-[428/926] md:aspect-[744/1133] lg:aspect-[499/322] h-[220px] md:h-[300px] lg:h-[220px] shadow-default overflow-hidden rounded w-fit"
          >
            <div
              class="md:hidden"
            >
              <img
                alt="About"
                class="object-fill object-center lg:group-hover:scale-105 duration-500"
                data-nimg="fill"
                decoding="async"
                loading="lazy"
                sizes="33vw"
                src="/_next/image?url=%2Fassets%2Fmenu%2Fabout-page.phone.png&w=3840&q=75"
                srcset="/_next/image?url=%2Fassets%2Fmenu%2Fabout-page.phone.png&w=256&q=75 256w, /_next/image?url=%2Fassets%2Fmenu%2Fabout-page.phone.png&w=384&q=75 384w, /_next/image?url=%2Fassets%2Fmenu%2Fabout-page.phone.png&w=640&q=75 640w, /_next/image?url=%2Fassets%2Fmenu%2Fabout-page.phone.png&w=750&q=75 750w, /_next/image?url=%2Fassets%2Fmenu%2Fabout-page.phone.png&w=828&q=75 828w, /_next/image?url=%2Fassets%2Fmenu%2Fabout-page.phone.png&w=1080&q=75 1080w, /_next/image?url=%2Fassets%2Fmenu%2Fabout-page.phone.png&w=1200&q=75 1200w, /_next/image?url=%2Fassets%2Fmenu%2Fabout-page.phone.png&w=1920&q=75 1920w, /_next/image?url=%2Fassets%2Fmenu%2Fabout-page.phone.png&w=2048&q=75 2048w, /_next/image?url=%2Fassets%2Fmenu%2Fabout-page.phone.png&w=3840&q=75 3840w"
                style="position: absolute; height: 100%; width: 100%; left: 0px; top: 0px; right: 0px; bottom: 0px; color: transparent;"
              />
            </div>
            <div
              class="hidden md:block lg:hidden"
            >
              <img
                alt="About"
                class="object-fill object-center lg:group-hover:scale-105 duration-500"
                data-nimg="fill"
                decoding="async"
                loading="lazy"
                sizes="33vw"
                src="/_next/image?url=%2Fassets%2Fmenu%2Fabout-page.tablet.png&w=3840&q=75"
                srcset="/_next/image?url=%2Fassets%2Fmenu%2Fabout-page.tablet.png&w=256&q=75 256w, /_next/image?url=%2Fassets%2Fmenu%2Fabout-page.tablet.png&w=384&q=75 384w, /_next/image?url=%2Fassets%2Fmenu%2Fabout-page.tablet.png&w=640&q=75 640w, /_next/image?url=%2Fassets%2Fmenu%2Fabout-page.tablet.png&w=750&q=75 750w, /_next/image?url=%2Fassets%2Fmenu%2Fabout-page.tablet.png&w=828&q=75 828w, /_next/image?url=%2Fassets%2Fmenu%2Fabout-page.tablet.png&w=1080&q=75 1080w, /_next/image?url=%2Fassets%2Fmenu%2Fabout-page.tablet.png&w=1200&q=75 1200w, /_next/image?url=%2Fassets%2Fmenu%2Fabout-page.tablet.png&w=1920&q=75 1920w, /_next/image?url=%2Fassets%2Fmenu%2Fabout-page.tablet.png&w=2048&q=75 2048w, /_next/image?url=%2Fassets%2Fmenu%2Fabout-page.tablet.png&w=3840&q=75 3840w"
                style="position: absolute; height: 100%; width: 100%; left: 0px; top: 0px; right: 0px; bottom: 0px; color: transparent;"
              />
            </div>
            <div
              class="hidden lg:block"
            >
              <img
                alt="About"
                class="object-fill object-center lg:group-hover:scale-105 duration-500"
                data-nimg="fill"
                decoding="async"
                loading="lazy"
                sizes="33vw"
                src="/_next/image?url=%2Fassets%2Fmenu%2Fabout-page.desktop.png&w=3840&q=75"
                srcset="/_next/image?url=%2Fassets%2Fmenu%2Fabout-page.desktop.png&w=256&q=75 256w, /_next/image?url=%2Fassets%2Fmenu%2Fabout-page.desktop.png&w=384&q=75 384w, /_next/image?url=%2Fassets%2Fmenu%2Fabout-page.desktop.png&w=640&q=75 640w, /_next/image?url=%2Fassets%2Fmenu%2Fabout-page.desktop.png&w=750&q=75 750w, /_next/image?url=%2Fassets%2Fmenu%2Fabout-page.desktop.png&w=828&q=75 828w, /_next/image?url=%2Fassets%2Fmenu%2Fabout-page.desktop.png&w=1080&q=75 1080w, /_next/image?url=%2Fassets%2Fmenu%2Fabout-page.desktop.png&w=1200&q=75 1200w, /_next/image?url=%2Fassets%2Fmenu%2Fabout-page.desktop.png&w=1920&q=75 1920w, /_next/image?url=%2Fassets%2Fmenu%2Fabout-page.desktop.png&w=2048&q=75 2048w, /_next/image?url=%2Fassets%2Fmenu%2Fabout-page.desktop.png&w=3840&q=75 3840w"
                style="position: absolute; height: 100%; width: 100%; left: 0px; top: 0px; right: 0px; bottom: 0px; color: transparent;"
              />
            </div>
          </div>
        </a>
        <a
          class="flex flex-col gap-1 md:gap-2 last:pr-4 cursor-pointer relative group"
          data-testid="menu-item-container"
          href="/blogs"
          role="button"
        >
          <div
            class="flex flex-row items-center gap-2"
          >
            <span
              class="aspect-square w-3 rounded-full transition opacity-0 group-hover:opacity-100 bg-new-white"
            />
            <h3
              class="font-comfortaa text-sm md:text-lg transition-transform line-clamp-1 text-new-black -translate-x-4 group-hover:translate-x-0"
            >
              Articles
            </h3>
          </div>
          <div
            class="relative aspect-[428/926] md:aspect-[744/1133] lg:aspect-[499/322] h-[220px] md:h-[300px] lg:h-[220px] shadow-default overflow-hidden rounded w-fit"
          >
            <div
              class="md:hidden"
            >
              <img
                alt="Articles"
                class="object-fill object-center lg:group-hover:scale-105 duration-500"
                data-nimg="fill"
                decoding="async"
                loading="lazy"
                sizes="33vw"
                src="/_next/image?url=%2Fassets%2Fmenu%2Farticle-page.phone.png&w=3840&q=75"
                srcset="/_next/image?url=%2Fassets%2Fmenu%2Farticle-page.phone.png&w=256&q=75 256w, /_next/image?url=%2Fassets%2Fmenu%2Farticle-page.phone.png&w=384&q=75 384w, /_next/image?url=%2Fassets%2Fmenu%2Farticle-page.phone.png&w=640&q=75 640w, /_next/image?url=%2Fassets%2Fmenu%2Farticle-page.phone.png&w=750&q=75 750w, /_next/image?url=%2Fassets%2Fmenu%2Farticle-page.phone.png&w=828&q=75 828w, /_next/image?url=%2Fassets%2Fmenu%2Farticle-page.phone.png&w=1080&q=75 1080w, /_next/image?url=%2Fassets%2Fmenu%2Farticle-page.phone.png&w=1200&q=75 1200w, /_next/image?url=%2Fassets%2Fmenu%2Farticle-page.phone.png&w=1920&q=75 1920w, /_next/image?url=%2Fassets%2Fmenu%2Farticle-page.phone.png&w=2048&q=75 2048w, /_next/image?url=%2Fassets%2Fmenu%2Farticle-page.phone.png&w=3840&q=75 3840w"
                style="position: absolute; height: 100%; width: 100%; left: 0px; top: 0px; right: 0px; bottom: 0px; color: transparent;"
              />
            </div>
            <div
              class="hidden md:block lg:hidden"
            >
              <img
                alt="Articles"
                class="object-fill object-center lg:group-hover:scale-105 duration-500"
                data-nimg="fill"
                decoding="async"
                loading="lazy"
                sizes="33vw"
                src="/_next/image?url=%2Fassets%2Fmenu%2Farticle-page.tablet.png&w=3840&q=75"
                srcset="/_next/image?url=%2Fassets%2Fmenu%2Farticle-page.tablet.png&w=256&q=75 256w, /_next/image?url=%2Fassets%2Fmenu%2Farticle-page.tablet.png&w=384&q=75 384w, /_next/image?url=%2Fassets%2Fmenu%2Farticle-page.tablet.png&w=640&q=75 640w, /_next/image?url=%2Fassets%2Fmenu%2Farticle-page.tablet.png&w=750&q=75 750w, /_next/image?url=%2Fassets%2Fmenu%2Farticle-page.tablet.png&w=828&q=75 828w, /_next/image?url=%2Fassets%2Fmenu%2Farticle-page.tablet.png&w=1080&q=75 1080w, /_next/image?url=%2Fassets%2Fmenu%2Farticle-page.tablet.png&w=1200&q=75 1200w, /_next/image?url=%2Fassets%2Fmenu%2Farticle-page.tablet.png&w=1920&q=75 1920w, /_next/image?url=%2Fassets%2Fmenu%2Farticle-page.tablet.png&w=2048&q=75 2048w, /_next/image?url=%2Fassets%2Fmenu%2Farticle-page.tablet.png&w=3840&q=75 3840w"
                style="position: absolute; height: 100%; width: 100%; left: 0px; top: 0px; right: 0px; bottom: 0px; color: transparent;"
              />
            </div>
            <div
              class="hidden lg:block"
            >
              <img
                alt="Articles"
                class="object-fill object-center lg:group-hover:scale-105 duration-500"
                data-nimg="fill"
                decoding="async"
                loading="lazy"
                sizes="33vw"
                src="/_next/image?url=%2Fassets%2Fmenu%2Farticle-page.desktop.png&w=3840&q=75"
                srcset="/_next/image?url=%2Fassets%2Fmenu%2Farticle-page.desktop.png&w=256&q=75 256w, /_next/image?url=%2Fassets%2Fmenu%2Farticle-page.desktop.png&w=384&q=75 384w, /_next/image?url=%2Fassets%2Fmenu%2Farticle-page.desktop.png&w=640&q=75 640w, /_next/image?url=%2Fassets%2Fmenu%2Farticle-page.desktop.png&w=750&q=75 750w, /_next/image?url=%2Fassets%2Fmenu%2Farticle-page.desktop.png&w=828&q=75 828w, /_next/image?url=%2Fassets%2Fmenu%2Farticle-page.desktop.png&w=1080&q=75 1080w, /_next/image?url=%2Fassets%2Fmenu%2Farticle-page.desktop.png&w=1200&q=75 1200w, /_next/image?url=%2Fassets%2Fmenu%2Farticle-page.desktop.png&w=1920&q=75 1920w, /_next/image?url=%2Fassets%2Fmenu%2Farticle-page.desktop.png&w=2048&q=75 2048w, /_next/image?url=%2Fassets%2Fmenu%2Farticle-page.desktop.png&w=3840&q=75 3840w"
                style="position: absolute; height: 100%; width: 100%; left: 0px; top: 0px; right: 0px; bottom: 0px; color: transparent;"
              />
            </div>
          </div>
        </a>
        <a
          class="flex flex-col gap-1 md:gap-2 last:pr-4 cursor-pointer relative group"
          data-testid="menu-item-container"
          href="#"
          role="button"
        >
          <div
            class="flex flex-row items-center gap-2"
          >
            <span
              class="aspect-square w-3 rounded-full transition opacity-0 group-hover:opacity-100 bg-new-white"
            />
            <h3
              class="font-comfortaa text-sm md:text-lg transition-transform line-clamp-1 text-new-black -translate-x-4 group-hover:translate-x-0"
            >
              Apps
            </h3>
          </div>
          <div
            class="relative aspect-[428/926] md:aspect-[744/1133] lg:aspect-[499/322] h-[220px] md:h-[300px] lg:h-[220px] shadow-default overflow-hidden rounded w-fit"
          >
            <div
              class="md:hidden"
            >
              <img
                alt="Apps"
                class="object-fill object-center lg:group-hover:scale-105 duration-500"
                data-nimg="fill"
                decoding="async"
                loading="lazy"
                sizes="33vw"
                src="/_next/image?url=%2Fassets%2Fmenu%2Fcomponent-page.phone.png&w=3840&q=75"
                srcset="/_next/image?url=%2Fassets%2Fmenu%2Fcomponent-page.phone.png&w=256&q=75 256w, /_next/image?url=%2Fassets%2Fmenu%2Fcomponent-page.phone.png&w=384&q=75 384w, /_next/image?url=%2Fassets%2Fmenu%2Fcomponent-page.phone.png&w=640&q=75 640w, /_next/image?url=%2Fassets%2Fmenu%2Fcomponent-page.phone.png&w=750&q=75 750w, /_next/image?url=%2Fassets%2Fmenu%2Fcomponent-page.phone.png&w=828&q=75 828w, /_next/image?url=%2Fassets%2Fmenu%2Fcomponent-page.phone.png&w=1080&q=75 1080w, /_next/image?url=%2Fassets%2Fmenu%2Fcomponent-page.phone.png&w=1200&q=75 1200w, /_next/image?url=%2Fassets%2Fmenu%2Fcomponent-page.phone.png&w=1920&q=75 1920w, /_next/image?url=%2Fassets%2Fmenu%2Fcomponent-page.phone.png&w=2048&q=75 2048w, /_next/image?url=%2Fassets%2Fmenu%2Fcomponent-page.phone.png&w=3840&q=75 3840w"
                style="position: absolute; height: 100%; width: 100%; left: 0px; top: 0px; right: 0px; bottom: 0px; color: transparent;"
              />
            </div>
            <div
              class="hidden md:block lg:hidden"
            >
              <img
                alt="Apps"
                class="object-fill object-center lg:group-hover:scale-105 duration-500"
                data-nimg="fill"
                decoding="async"
                loading="lazy"
                sizes="33vw"
                src="/_next/image?url=%2Fassets%2Fmenu%2Fcomponent-page.tablet.png&w=3840&q=75"
                srcset="/_next/image?url=%2Fassets%2Fmenu%2Fcomponent-page.tablet.png&w=256&q=75 256w, /_next/image?url=%2Fassets%2Fmenu%2Fcomponent-page.tablet.png&w=384&q=75 384w, /_next/image?url=%2Fassets%2Fmenu%2Fcomponent-page.tablet.png&w=640&q=75 640w, /_next/image?url=%2Fassets%2Fmenu%2Fcomponent-page.tablet.png&w=750&q=75 750w, /_next/image?url=%2Fassets%2Fmenu%2Fcomponent-page.tablet.png&w=828&q=75 828w, /_next/image?url=%2Fassets%2Fmenu%2Fcomponent-page.tablet.png&w=1080&q=75 1080w, /_next/image?url=%2Fassets%2Fmenu%2Fcomponent-page.tablet.png&w=1200&q=75 1200w, /_next/image?url=%2Fassets%2Fmenu%2Fcomponent-page.tablet.png&w=1920&q=75 1920w, /_next/image?url=%2Fassets%2Fmenu%2Fcomponent-page.tablet.png&w=2048&q=75 2048w, /_next/image?url=%2Fassets%2Fmenu%2Fcomponent-page.tablet.png&w=3840&q=75 3840w"
                style="position: absolute; height: 100%; width: 100%; left: 0px; top: 0px; right: 0px; bottom: 0px; color: transparent;"
              />
            </div>
            <div
              class="hidden lg:block"
            >
              <img
                alt="Apps"
                class="object-fill object-center lg:group-hover:scale-105 duration-500"
                data-nimg="fill"
                decoding="async"
                loading="lazy"
                sizes="33vw"
                src="/_next/image?url=%2Fassets%2Fmenu%2Fcomponent-page.desktop.png&w=3840&q=75"
                srcset="/_next/image?url=%2Fassets%2Fmenu%2Fcomponent-page.desktop.png&w=256&q=75 256w, /_next/image?url=%2Fassets%2Fmenu%2Fcomponent-page.desktop.png&w=384&q=75 384w, /_next/image?url=%2Fassets%2Fmenu%2Fcomponent-page.desktop.png&w=640&q=75 640w, /_next/image?url=%2Fassets%2Fmenu%2Fcomponent-page.desktop.png&w=750&q=75 750w, /_next/image?url=%2Fassets%2Fmenu%2Fcomponent-page.desktop.png&w=828&q=75 828w, /_next/image?url=%2Fassets%2Fmenu%2Fcomponent-page.desktop.png&w=1080&q=75 1080w, /_next/image?url=%2Fassets%2Fmenu%2Fcomponent-page.desktop.png&w=1200&q=75 1200w, /_next/image?url=%2Fassets%2Fmenu%2Fcomponent-page.desktop.png&w=1920&q=75 1920w, /_next/image?url=%2Fassets%2Fmenu%2Fcomponent-page.desktop.png&w=2048&q=75 2048w, /_next/image?url=%2Fassets%2Fmenu%2Fcomponent-page.desktop.png&w=3840&q=75 3840w"
                style="position: absolute; height: 100%; width: 100%; left: 0px; top: 0px; right: 0px; bottom: 0px; color: transparent;"
              />
            </div>
          </div>
        </a>
        <a
          class="flex flex-col gap-1 md:gap-2 last:pr-4 cursor-pointer relative group"
          data-testid="menu-item-container"
          href="/contact"
          role="button"
        >
          <div
            class="flex flex-row items-center gap-2"
          >
            <span
              class="aspect-square w-3 rounded-full transition opacity-0 group-hover:opacity-100 bg-new-white"
            />
            <h3
              class="font-comfortaa text-sm md:text-lg transition-transform line-clamp-1 text-new-black -translate-x-4 group-hover:translate-x-0"
            >
              Contact
            </h3>
          </div>
          <div
            class="relative aspect-[428/926] md:aspect-[744/1133] lg:aspect-[499/322] h-[220px] md:h-[300px] lg:h-[220px] shadow-default overflow-hidden rounded w-fit"
          >
            <div
              class="md:hidden"
            >
              <img
                alt="Contact"
                class="object-fill object-center lg:group-hover:scale-105 duration-500"
                data-nimg="fill"
                decoding="async"
                loading="lazy"
                sizes="33vw"
                src="/_next/image?url=%2Fassets%2Fmenu%2Fcontact-page.phone.png&w=3840&q=75"
                srcset="/_next/image?url=%2Fassets%2Fmenu%2Fcontact-page.phone.png&w=256&q=75 256w, /_next/image?url=%2Fassets%2Fmenu%2Fcontact-page.phone.png&w=384&q=75 384w, /_next/image?url=%2Fassets%2Fmenu%2Fcontact-page.phone.png&w=640&q=75 640w, /_next/image?url=%2Fassets%2Fmenu%2Fcontact-page.phone.png&w=750&q=75 750w, /_next/image?url=%2Fassets%2Fmenu%2Fcontact-page.phone.png&w=828&q=75 828w, /_next/image?url=%2Fassets%2Fmenu%2Fcontact-page.phone.png&w=1080&q=75 1080w, /_next/image?url=%2Fassets%2Fmenu%2Fcontact-page.phone.png&w=1200&q=75 1200w, /_next/image?url=%2Fassets%2Fmenu%2Fcontact-page.phone.png&w=1920&q=75 1920w, /_next/image?url=%2Fassets%2Fmenu%2Fcontact-page.phone.png&w=2048&q=75 2048w, /_next/image?url=%2Fassets%2Fmenu%2Fcontact-page.phone.png&w=3840&q=75 3840w"
                style="position: absolute; height: 100%; width: 100%; left: 0px; top: 0px; right: 0px; bottom: 0px; color: transparent;"
              />
            </div>
            <div
              class="hidden md:block lg:hidden"
            >
              <img
                alt="Contact"
                class="object-fill object-center lg:group-hover:scale-105 duration-500"
                data-nimg="fill"
                decoding="async"
                loading="lazy"
                sizes="33vw"
                src="/_next/image?url=%2Fassets%2Fmenu%2Fcontact-page.tablet.png&w=3840&q=75"
                srcset="/_next/image?url=%2Fassets%2Fmenu%2Fcontact-page.tablet.png&w=256&q=75 256w, /_next/image?url=%2Fassets%2Fmenu%2Fcontact-page.tablet.png&w=384&q=75 384w, /_next/image?url=%2Fassets%2Fmenu%2Fcontact-page.tablet.png&w=640&q=75 640w, /_next/image?url=%2Fassets%2Fmenu%2Fcontact-page.tablet.png&w=750&q=75 750w, /_next/image?url=%2Fassets%2Fmenu%2Fcontact-page.tablet.png&w=828&q=75 828w, /_next/image?url=%2Fassets%2Fmenu%2Fcontact-page.tablet.png&w=1080&q=75 1080w, /_next/image?url=%2Fassets%2Fmenu%2Fcontact-page.tablet.png&w=1200&q=75 1200w, /_next/image?url=%2Fassets%2Fmenu%2Fcontact-page.tablet.png&w=1920&q=75 1920w, /_next/image?url=%2Fassets%2Fmenu%2Fcontact-page.tablet.png&w=2048&q=75 2048w, /_next/image?url=%2Fassets%2Fmenu%2Fcontact-page.tablet.png&w=3840&q=75 3840w"
                style="position: absolute; height: 100%; width: 100%; left: 0px; top: 0px; right: 0px; bottom: 0px; color: transparent;"
              />
            </div>
            <div
              class="hidden lg:block"
            >
              <img
                alt="Contact"
                class="object-fill object-center lg:group-hover:scale-105 duration-500"
                data-nimg="fill"
                decoding="async"
                loading="lazy"
                sizes="33vw"
                src="/_next/image?url=%2Fassets%2Fmenu%2Fcontact-page.desktop.png&w=3840&q=75"
                srcset="/_next/image?url=%2Fassets%2Fmenu%2Fcontact-page.desktop.png&w=256&q=75 256w, /_next/image?url=%2Fassets%2Fmenu%2Fcontact-page.desktop.png&w=384&q=75 384w, /_next/image?url=%2Fassets%2Fmenu%2Fcontact-page.desktop.png&w=640&q=75 640w, /_next/image?url=%2Fassets%2Fmenu%2Fcontact-page.desktop.png&w=750&q=75 750w, /_next/image?url=%2Fassets%2Fmenu%2Fcontact-page.desktop.png&w=828&q=75 828w, /_next/image?url=%2Fassets%2Fmenu%2Fcontact-page.desktop.png&w=1080&q=75 1080w, /_next/image?url=%2Fassets%2Fmenu%2Fcontact-page.desktop.png&w=1200&q=75 1200w, /_next/image?url=%2Fassets%2Fmenu%2Fcontact-page.desktop.png&w=1920&q=75 1920w, /_next/image?url=%2Fassets%2Fmenu%2Fcontact-page.desktop.png&w=2048&q=75 2048w, /_next/image?url=%2Fassets%2Fmenu%2Fcontact-page.desktop.png&w=3840&q=75 3840w"
                style="position: absolute; height: 100%; width: 100%; left: 0px; top: 0px; right: 0px; bottom: 0px; color: transparent;"
              />
            </div>
          </div>
        </a>
      </div>
    </div>
  </nav>
</DocumentFragment>
`;

exports[`TESTING Menu component GIVEN valid props WHEN the MenuContext is opened THEN it should match the snapshot 1`] = `
<DocumentFragment>
  <nav
    class="fixed bottom-0 left-0 bg-new-highlight py-4 md:py-6 lg:py-12 h-[400px] md:h-[500px] w-full z-20 duration-500 overflow-hidden ease-menu translate-y-0"
    data-testid="menu-container"
  >
    <div
      class="px-4 lg:px-12 menu flex flex-row justify-center w-full pb-8 pr-8 overflow-x-auto text-new-white transition-transform duration-500 ease-menu lg:scale-100 translate-y-0"
    >
      <div
        class="flex flex-row gap-4 h-full w-full"
      >
        <a
          class="flex flex-col gap-1 md:gap-2 last:pr-4 cursor-pointer relative group"
          data-testid="menu-item-container"
          href="/"
          role="button"
        >
          <div
            class="flex flex-row items-center gap-2"
          >
            <span
              class="aspect-square w-3 rounded-full transition opacity-0 group-hover:opacity-100 bg-new-white"
            />
            <h3
              class="font-comfortaa text-sm md:text-lg transition-transform line-clamp-1 text-new-black -translate-x-4 group-hover:translate-x-0"
            >
              Home
            </h3>
          </div>
          <div
            class="relative aspect-[428/926] md:aspect-[744/1133] lg:aspect-[499/322] h-[220px] md:h-[300px] lg:h-[220px] shadow-default overflow-hidden rounded w-fit"
          >
            <div
              class="md:hidden"
            >
              <img
                alt="Home"
                class="object-fill object-center lg:group-hover:scale-105 duration-500"
                data-nimg="fill"
                decoding="async"
                loading="lazy"
                sizes="33vw"
                src="/_next/image?url=%2Fassets%2Fmenu%2Fhome-page.phone.png&w=3840&q=75"
                srcset="/_next/image?url=%2Fassets%2Fmenu%2Fhome-page.phone.png&w=256&q=75 256w, /_next/image?url=%2Fassets%2Fmenu%2Fhome-page.phone.png&w=384&q=75 384w, /_next/image?url=%2Fassets%2Fmenu%2Fhome-page.phone.png&w=640&q=75 640w, /_next/image?url=%2Fassets%2Fmenu%2Fhome-page.phone.png&w=750&q=75 750w, /_next/image?url=%2Fassets%2Fmenu%2Fhome-page.phone.png&w=828&q=75 828w, /_next/image?url=%2Fassets%2Fmenu%2Fhome-page.phone.png&w=1080&q=75 1080w, /_next/image?url=%2Fassets%2Fmenu%2Fhome-page.phone.png&w=1200&q=75 1200w, /_next/image?url=%2Fassets%2Fmenu%2Fhome-page.phone.png&w=1920&q=75 1920w, /_next/image?url=%2Fassets%2Fmenu%2Fhome-page.phone.png&w=2048&q=75 2048w, /_next/image?url=%2Fassets%2Fmenu%2Fhome-page.phone.png&w=3840&q=75 3840w"
                style="position: absolute; height: 100%; width: 100%; left: 0px; top: 0px; right: 0px; bottom: 0px; color: transparent;"
              />
            </div>
            <div
              class="hidden md:block lg:hidden"
            >
              <img
                alt="Home"
                class="object-fill object-center lg:group-hover:scale-105 duration-500"
                data-nimg="fill"
                decoding="async"
                loading="lazy"
                sizes="33vw"
                src="/_next/image?url=%2Fassets%2Fmenu%2Fhome-page.tablet.png&w=3840&q=75"
                srcset="/_next/image?url=%2Fassets%2Fmenu%2Fhome-page.tablet.png&w=256&q=75 256w, /_next/image?url=%2Fassets%2Fmenu%2Fhome-page.tablet.png&w=384&q=75 384w, /_next/image?url=%2Fassets%2Fmenu%2Fhome-page.tablet.png&w=640&q=75 640w, /_next/image?url=%2Fassets%2Fmenu%2Fhome-page.tablet.png&w=750&q=75 750w, /_next/image?url=%2Fassets%2Fmenu%2Fhome-page.tablet.png&w=828&q=75 828w, /_next/image?url=%2Fassets%2Fmenu%2Fhome-page.tablet.png&w=1080&q=75 1080w, /_next/image?url=%2Fassets%2Fmenu%2Fhome-page.tablet.png&w=1200&q=75 1200w, /_next/image?url=%2Fassets%2Fmenu%2Fhome-page.tablet.png&w=1920&q=75 1920w, /_next/image?url=%2Fassets%2Fmenu%2Fhome-page.tablet.png&w=2048&q=75 2048w, /_next/image?url=%2Fassets%2Fmenu%2Fhome-page.tablet.png&w=3840&q=75 3840w"
                style="position: absolute; height: 100%; width: 100%; left: 0px; top: 0px; right: 0px; bottom: 0px; color: transparent;"
              />
            </div>
            <div
              class="hidden lg:block"
            >
              <img
                alt="Home"
                class="object-fill object-center lg:group-hover:scale-105 duration-500"
                data-nimg="fill"
                decoding="async"
                loading="lazy"
                sizes="33vw"
                src="/_next/image?url=%2Fassets%2Fmenu%2Fhome-page.desktop.png&w=3840&q=75"
                srcset="/_next/image?url=%2Fassets%2Fmenu%2Fhome-page.desktop.png&w=256&q=75 256w, /_next/image?url=%2Fassets%2Fmenu%2Fhome-page.desktop.png&w=384&q=75 384w, /_next/image?url=%2Fassets%2Fmenu%2Fhome-page.desktop.png&w=640&q=75 640w, /_next/image?url=%2Fassets%2Fmenu%2Fhome-page.desktop.png&w=750&q=75 750w, /_next/image?url=%2Fassets%2Fmenu%2Fhome-page.desktop.png&w=828&q=75 828w, /_next/image?url=%2Fassets%2Fmenu%2Fhome-page.desktop.png&w=1080&q=75 1080w, /_next/image?url=%2Fassets%2Fmenu%2Fhome-page.desktop.png&w=1200&q=75 1200w, /_next/image?url=%2Fassets%2Fmenu%2Fhome-page.desktop.png&w=1920&q=75 1920w, /_next/image?url=%2Fassets%2Fmenu%2Fhome-page.desktop.png&w=2048&q=75 2048w, /_next/image?url=%2Fassets%2Fmenu%2Fhome-page.desktop.png&w=3840&q=75 3840w"
                style="position: absolute; height: 100%; width: 100%; left: 0px; top: 0px; right: 0px; bottom: 0px; color: transparent;"
              />
            </div>
          </div>
        </a>
        <a
          class="flex flex-col gap-1 md:gap-2 last:pr-4 cursor-pointer relative group"
          data-testid="menu-item-container"
          href="/about"
          role="button"
        >
          <div
            class="flex flex-row items-center gap-2"
          >
            <span
              class="aspect-square w-3 rounded-full transition opacity-0 group-hover:opacity-100 bg-new-white"
            />
            <h3
              class="font-comfortaa text-sm md:text-lg transition-transform line-clamp-1 text-new-black -translate-x-4 group-hover:translate-x-0"
            >
              About
            </h3>
          </div>
          <div
            class="relative aspect-[428/926] md:aspect-[744/1133] lg:aspect-[499/322] h-[220px] md:h-[300px] lg:h-[220px] shadow-default overflow-hidden rounded w-fit"
          >
            <div
              class="md:hidden"
            >
              <img
                alt="About"
                class="object-fill object-center lg:group-hover:scale-105 duration-500"
                data-nimg="fill"
                decoding="async"
                loading="lazy"
                sizes="33vw"
                src="/_next/image?url=%2Fassets%2Fmenu%2Fabout-page.phone.png&w=3840&q=75"
                srcset="/_next/image?url=%2Fassets%2Fmenu%2Fabout-page.phone.png&w=256&q=75 256w, /_next/image?url=%2Fassets%2Fmenu%2Fabout-page.phone.png&w=384&q=75 384w, /_next/image?url=%2Fassets%2Fmenu%2Fabout-page.phone.png&w=640&q=75 640w, /_next/image?url=%2Fassets%2Fmenu%2Fabout-page.phone.png&w=750&q=75 750w, /_next/image?url=%2Fassets%2Fmenu%2Fabout-page.phone.png&w=828&q=75 828w, /_next/image?url=%2Fassets%2Fmenu%2Fabout-page.phone.png&w=1080&q=75 1080w, /_next/image?url=%2Fassets%2Fmenu%2Fabout-page.phone.png&w=1200&q=75 1200w, /_next/image?url=%2Fassets%2Fmenu%2Fabout-page.phone.png&w=1920&q=75 1920w, /_next/image?url=%2Fassets%2Fmenu%2Fabout-page.phone.png&w=2048&q=75 2048w, /_next/image?url=%2Fassets%2Fmenu%2Fabout-page.phone.png&w=3840&q=75 3840w"
                style="position: absolute; height: 100%; width: 100%; left: 0px; top: 0px; right: 0px; bottom: 0px; color: transparent;"
              />
            </div>
            <div
              class="hidden md:block lg:hidden"
            >
              <img
                alt="About"
                class="object-fill object-center lg:group-hover:scale-105 duration-500"
                data-nimg="fill"
                decoding="async"
                loading="lazy"
                sizes="33vw"
                src="/_next/image?url=%2Fassets%2Fmenu%2Fabout-page.tablet.png&w=3840&q=75"
                srcset="/_next/image?url=%2Fassets%2Fmenu%2Fabout-page.tablet.png&w=256&q=75 256w, /_next/image?url=%2Fassets%2Fmenu%2Fabout-page.tablet.png&w=384&q=75 384w, /_next/image?url=%2Fassets%2Fmenu%2Fabout-page.tablet.png&w=640&q=75 640w, /_next/image?url=%2Fassets%2Fmenu%2Fabout-page.tablet.png&w=750&q=75 750w, /_next/image?url=%2Fassets%2Fmenu%2Fabout-page.tablet.png&w=828&q=75 828w, /_next/image?url=%2Fassets%2Fmenu%2Fabout-page.tablet.png&w=1080&q=75 1080w, /_next/image?url=%2Fassets%2Fmenu%2Fabout-page.tablet.png&w=1200&q=75 1200w, /_next/image?url=%2Fassets%2Fmenu%2Fabout-page.tablet.png&w=1920&q=75 1920w, /_next/image?url=%2Fassets%2Fmenu%2Fabout-page.tablet.png&w=2048&q=75 2048w, /_next/image?url=%2Fassets%2Fmenu%2Fabout-page.tablet.png&w=3840&q=75 3840w"
                style="position: absolute; height: 100%; width: 100%; left: 0px; top: 0px; right: 0px; bottom: 0px; color: transparent;"
              />
            </div>
            <div
              class="hidden lg:block"
            >
              <img
                alt="About"
                class="object-fill object-center lg:group-hover:scale-105 duration-500"
                data-nimg="fill"
                decoding="async"
                loading="lazy"
                sizes="33vw"
                src="/_next/image?url=%2Fassets%2Fmenu%2Fabout-page.desktop.png&w=3840&q=75"
                srcset="/_next/image?url=%2Fassets%2Fmenu%2Fabout-page.desktop.png&w=256&q=75 256w, /_next/image?url=%2Fassets%2Fmenu%2Fabout-page.desktop.png&w=384&q=75 384w, /_next/image?url=%2Fassets%2Fmenu%2Fabout-page.desktop.png&w=640&q=75 640w, /_next/image?url=%2Fassets%2Fmenu%2Fabout-page.desktop.png&w=750&q=75 750w, /_next/image?url=%2Fassets%2Fmenu%2Fabout-page.desktop.png&w=828&q=75 828w, /_next/image?url=%2Fassets%2Fmenu%2Fabout-page.desktop.png&w=1080&q=75 1080w, /_next/image?url=%2Fassets%2Fmenu%2Fabout-page.desktop.png&w=1200&q=75 1200w, /_next/image?url=%2Fassets%2Fmenu%2Fabout-page.desktop.png&w=1920&q=75 1920w, /_next/image?url=%2Fassets%2Fmenu%2Fabout-page.desktop.png&w=2048&q=75 2048w, /_next/image?url=%2Fassets%2Fmenu%2Fabout-page.desktop.png&w=3840&q=75 3840w"
                style="position: absolute; height: 100%; width: 100%; left: 0px; top: 0px; right: 0px; bottom: 0px; color: transparent;"
              />
            </div>
          </div>
        </a>
        <a
          class="flex flex-col gap-1 md:gap-2 last:pr-4 cursor-pointer relative group"
          data-testid="menu-item-container"
          href="/blogs"
          role="button"
        >
          <div
            class="flex flex-row items-center gap-2"
          >
            <span
              class="aspect-square w-3 rounded-full transition opacity-0 group-hover:opacity-100 bg-new-white"
            />
            <h3
              class="font-comfortaa text-sm md:text-lg transition-transform line-clamp-1 text-new-black -translate-x-4 group-hover:translate-x-0"
            >
              Articles
            </h3>
          </div>
          <div
            class="relative aspect-[428/926] md:aspect-[744/1133] lg:aspect-[499/322] h-[220px] md:h-[300px] lg:h-[220px] shadow-default overflow-hidden rounded w-fit"
          >
            <div
              class="md:hidden"
            >
              <img
                alt="Articles"
                class="object-fill object-center lg:group-hover:scale-105 duration-500"
                data-nimg="fill"
                decoding="async"
                loading="lazy"
                sizes="33vw"
                src="/_next/image?url=%2Fassets%2Fmenu%2Farticle-page.phone.png&w=3840&q=75"
                srcset="/_next/image?url=%2Fassets%2Fmenu%2Farticle-page.phone.png&w=256&q=75 256w, /_next/image?url=%2Fassets%2Fmenu%2Farticle-page.phone.png&w=384&q=75 384w, /_next/image?url=%2Fassets%2Fmenu%2Farticle-page.phone.png&w=640&q=75 640w, /_next/image?url=%2Fassets%2Fmenu%2Farticle-page.phone.png&w=750&q=75 750w, /_next/image?url=%2Fassets%2Fmenu%2Farticle-page.phone.png&w=828&q=75 828w, /_next/image?url=%2Fassets%2Fmenu%2Farticle-page.phone.png&w=1080&q=75 1080w, /_next/image?url=%2Fassets%2Fmenu%2Farticle-page.phone.png&w=1200&q=75 1200w, /_next/image?url=%2Fassets%2Fmenu%2Farticle-page.phone.png&w=1920&q=75 1920w, /_next/image?url=%2Fassets%2Fmenu%2Farticle-page.phone.png&w=2048&q=75 2048w, /_next/image?url=%2Fassets%2Fmenu%2Farticle-page.phone.png&w=3840&q=75 3840w"
                style="position: absolute; height: 100%; width: 100%; left: 0px; top: 0px; right: 0px; bottom: 0px; color: transparent;"
              />
            </div>
            <div
              class="hidden md:block lg:hidden"
            >
              <img
                alt="Articles"
                class="object-fill object-center lg:group-hover:scale-105 duration-500"
                data-nimg="fill"
                decoding="async"
                loading="lazy"
                sizes="33vw"
                src="/_next/image?url=%2Fassets%2Fmenu%2Farticle-page.tablet.png&w=3840&q=75"
                srcset="/_next/image?url=%2Fassets%2Fmenu%2Farticle-page.tablet.png&w=256&q=75 256w, /_next/image?url=%2Fassets%2Fmenu%2Farticle-page.tablet.png&w=384&q=75 384w, /_next/image?url=%2Fassets%2Fmenu%2Farticle-page.tablet.png&w=640&q=75 640w, /_next/image?url=%2Fassets%2Fmenu%2Farticle-page.tablet.png&w=750&q=75 750w, /_next/image?url=%2Fassets%2Fmenu%2Farticle-page.tablet.png&w=828&q=75 828w, /_next/image?url=%2Fassets%2Fmenu%2Farticle-page.tablet.png&w=1080&q=75 1080w, /_next/image?url=%2Fassets%2Fmenu%2Farticle-page.tablet.png&w=1200&q=75 1200w, /_next/image?url=%2Fassets%2Fmenu%2Farticle-page.tablet.png&w=1920&q=75 1920w, /_next/image?url=%2Fassets%2Fmenu%2Farticle-page.tablet.png&w=2048&q=75 2048w, /_next/image?url=%2Fassets%2Fmenu%2Farticle-page.tablet.png&w=3840&q=75 3840w"
                style="position: absolute; height: 100%; width: 100%; left: 0px; top: 0px; right: 0px; bottom: 0px; color: transparent;"
              />
            </div>
            <div
              class="hidden lg:block"
            >
              <img
                alt="Articles"
                class="object-fill object-center lg:group-hover:scale-105 duration-500"
                data-nimg="fill"
                decoding="async"
                loading="lazy"
                sizes="33vw"
                src="/_next/image?url=%2Fassets%2Fmenu%2Farticle-page.desktop.png&w=3840&q=75"
                srcset="/_next/image?url=%2Fassets%2Fmenu%2Farticle-page.desktop.png&w=256&q=75 256w, /_next/image?url=%2Fassets%2Fmenu%2Farticle-page.desktop.png&w=384&q=75 384w, /_next/image?url=%2Fassets%2Fmenu%2Farticle-page.desktop.png&w=640&q=75 640w, /_next/image?url=%2Fassets%2Fmenu%2Farticle-page.desktop.png&w=750&q=75 750w, /_next/image?url=%2Fassets%2Fmenu%2Farticle-page.desktop.png&w=828&q=75 828w, /_next/image?url=%2Fassets%2Fmenu%2Farticle-page.desktop.png&w=1080&q=75 1080w, /_next/image?url=%2Fassets%2Fmenu%2Farticle-page.desktop.png&w=1200&q=75 1200w, /_next/image?url=%2Fassets%2Fmenu%2Farticle-page.desktop.png&w=1920&q=75 1920w, /_next/image?url=%2Fassets%2Fmenu%2Farticle-page.desktop.png&w=2048&q=75 2048w, /_next/image?url=%2Fassets%2Fmenu%2Farticle-page.desktop.png&w=3840&q=75 3840w"
                style="position: absolute; height: 100%; width: 100%; left: 0px; top: 0px; right: 0px; bottom: 0px; color: transparent;"
              />
            </div>
          </div>
        </a>
        <a
          class="flex flex-col gap-1 md:gap-2 last:pr-4 cursor-pointer relative group"
          data-testid="menu-item-container"
          href="#"
          role="button"
        >
          <div
            class="flex flex-row items-center gap-2"
          >
            <span
              class="aspect-square w-3 rounded-full transition opacity-0 group-hover:opacity-100 bg-new-white"
            />
            <h3
              class="font-comfortaa text-sm md:text-lg transition-transform line-clamp-1 text-new-black -translate-x-4 group-hover:translate-x-0"
            >
              Apps
            </h3>
          </div>
          <div
            class="relative aspect-[428/926] md:aspect-[744/1133] lg:aspect-[499/322] h-[220px] md:h-[300px] lg:h-[220px] shadow-default overflow-hidden rounded w-fit"
          >
            <div
              class="md:hidden"
            >
              <img
                alt="Apps"
                class="object-fill object-center lg:group-hover:scale-105 duration-500"
                data-nimg="fill"
                decoding="async"
                loading="lazy"
                sizes="33vw"
                src="/_next/image?url=%2Fassets%2Fmenu%2Fcomponent-page.phone.png&w=3840&q=75"
                srcset="/_next/image?url=%2Fassets%2Fmenu%2Fcomponent-page.phone.png&w=256&q=75 256w, /_next/image?url=%2Fassets%2Fmenu%2Fcomponent-page.phone.png&w=384&q=75 384w, /_next/image?url=%2Fassets%2Fmenu%2Fcomponent-page.phone.png&w=640&q=75 640w, /_next/image?url=%2Fassets%2Fmenu%2Fcomponent-page.phone.png&w=750&q=75 750w, /_next/image?url=%2Fassets%2Fmenu%2Fcomponent-page.phone.png&w=828&q=75 828w, /_next/image?url=%2Fassets%2Fmenu%2Fcomponent-page.phone.png&w=1080&q=75 1080w, /_next/image?url=%2Fassets%2Fmenu%2Fcomponent-page.phone.png&w=1200&q=75 1200w, /_next/image?url=%2Fassets%2Fmenu%2Fcomponent-page.phone.png&w=1920&q=75 1920w, /_next/image?url=%2Fassets%2Fmenu%2Fcomponent-page.phone.png&w=2048&q=75 2048w, /_next/image?url=%2Fassets%2Fmenu%2Fcomponent-page.phone.png&w=3840&q=75 3840w"
                style="position: absolute; height: 100%; width: 100%; left: 0px; top: 0px; right: 0px; bottom: 0px; color: transparent;"
              />
            </div>
            <div
              class="hidden md:block lg:hidden"
            >
              <img
                alt="Apps"
                class="object-fill object-center lg:group-hover:scale-105 duration-500"
                data-nimg="fill"
                decoding="async"
                loading="lazy"
                sizes="33vw"
                src="/_next/image?url=%2Fassets%2Fmenu%2Fcomponent-page.tablet.png&w=3840&q=75"
                srcset="/_next/image?url=%2Fassets%2Fmenu%2Fcomponent-page.tablet.png&w=256&q=75 256w, /_next/image?url=%2Fassets%2Fmenu%2Fcomponent-page.tablet.png&w=384&q=75 384w, /_next/image?url=%2Fassets%2Fmenu%2Fcomponent-page.tablet.png&w=640&q=75 640w, /_next/image?url=%2Fassets%2Fmenu%2Fcomponent-page.tablet.png&w=750&q=75 750w, /_next/image?url=%2Fassets%2Fmenu%2Fcomponent-page.tablet.png&w=828&q=75 828w, /_next/image?url=%2Fassets%2Fmenu%2Fcomponent-page.tablet.png&w=1080&q=75 1080w, /_next/image?url=%2Fassets%2Fmenu%2Fcomponent-page.tablet.png&w=1200&q=75 1200w, /_next/image?url=%2Fassets%2Fmenu%2Fcomponent-page.tablet.png&w=1920&q=75 1920w, /_next/image?url=%2Fassets%2Fmenu%2Fcomponent-page.tablet.png&w=2048&q=75 2048w, /_next/image?url=%2Fassets%2Fmenu%2Fcomponent-page.tablet.png&w=3840&q=75 3840w"
                style="position: absolute; height: 100%; width: 100%; left: 0px; top: 0px; right: 0px; bottom: 0px; color: transparent;"
              />
            </div>
            <div
              class="hidden lg:block"
            >
              <img
                alt="Apps"
                class="object-fill object-center lg:group-hover:scale-105 duration-500"
                data-nimg="fill"
                decoding="async"
                loading="lazy"
                sizes="33vw"
                src="/_next/image?url=%2Fassets%2Fmenu%2Fcomponent-page.desktop.png&w=3840&q=75"
                srcset="/_next/image?url=%2Fassets%2Fmenu%2Fcomponent-page.desktop.png&w=256&q=75 256w, /_next/image?url=%2Fassets%2Fmenu%2Fcomponent-page.desktop.png&w=384&q=75 384w, /_next/image?url=%2Fassets%2Fmenu%2Fcomponent-page.desktop.png&w=640&q=75 640w, /_next/image?url=%2Fassets%2Fmenu%2Fcomponent-page.desktop.png&w=750&q=75 750w, /_next/image?url=%2Fassets%2Fmenu%2Fcomponent-page.desktop.png&w=828&q=75 828w, /_next/image?url=%2Fassets%2Fmenu%2Fcomponent-page.desktop.png&w=1080&q=75 1080w, /_next/image?url=%2Fassets%2Fmenu%2Fcomponent-page.desktop.png&w=1200&q=75 1200w, /_next/image?url=%2Fassets%2Fmenu%2Fcomponent-page.desktop.png&w=1920&q=75 1920w, /_next/image?url=%2Fassets%2Fmenu%2Fcomponent-page.desktop.png&w=2048&q=75 2048w, /_next/image?url=%2Fassets%2Fmenu%2Fcomponent-page.desktop.png&w=3840&q=75 3840w"
                style="position: absolute; height: 100%; width: 100%; left: 0px; top: 0px; right: 0px; bottom: 0px; color: transparent;"
              />
            </div>
          </div>
        </a>
        <a
          class="flex flex-col gap-1 md:gap-2 last:pr-4 cursor-pointer relative group"
          data-testid="menu-item-container"
          href="/contact"
          role="button"
        >
          <div
            class="flex flex-row items-center gap-2"
          >
            <span
              class="aspect-square w-3 rounded-full transition opacity-0 group-hover:opacity-100 bg-new-white"
            />
            <h3
              class="font-comfortaa text-sm md:text-lg transition-transform line-clamp-1 text-new-black -translate-x-4 group-hover:translate-x-0"
            >
              Contact
            </h3>
          </div>
          <div
            class="relative aspect-[428/926] md:aspect-[744/1133] lg:aspect-[499/322] h-[220px] md:h-[300px] lg:h-[220px] shadow-default overflow-hidden rounded w-fit"
          >
            <div
              class="md:hidden"
            >
              <img
                alt="Contact"
                class="object-fill object-center lg:group-hover:scale-105 duration-500"
                data-nimg="fill"
                decoding="async"
                loading="lazy"
                sizes="33vw"
                src="/_next/image?url=%2Fassets%2Fmenu%2Fcontact-page.phone.png&w=3840&q=75"
                srcset="/_next/image?url=%2Fassets%2Fmenu%2Fcontact-page.phone.png&w=256&q=75 256w, /_next/image?url=%2Fassets%2Fmenu%2Fcontact-page.phone.png&w=384&q=75 384w, /_next/image?url=%2Fassets%2Fmenu%2Fcontact-page.phone.png&w=640&q=75 640w, /_next/image?url=%2Fassets%2Fmenu%2Fcontact-page.phone.png&w=750&q=75 750w, /_next/image?url=%2Fassets%2Fmenu%2Fcontact-page.phone.png&w=828&q=75 828w, /_next/image?url=%2Fassets%2Fmenu%2Fcontact-page.phone.png&w=1080&q=75 1080w, /_next/image?url=%2Fassets%2Fmenu%2Fcontact-page.phone.png&w=1200&q=75 1200w, /_next/image?url=%2Fassets%2Fmenu%2Fcontact-page.phone.png&w=1920&q=75 1920w, /_next/image?url=%2Fassets%2Fmenu%2Fcontact-page.phone.png&w=2048&q=75 2048w, /_next/image?url=%2Fassets%2Fmenu%2Fcontact-page.phone.png&w=3840&q=75 3840w"
                style="position: absolute; height: 100%; width: 100%; left: 0px; top: 0px; right: 0px; bottom: 0px; color: transparent;"
              />
            </div>
            <div
              class="hidden md:block lg:hidden"
            >
              <img
                alt="Contact"
                class="object-fill object-center lg:group-hover:scale-105 duration-500"
                data-nimg="fill"
                decoding="async"
                loading="lazy"
                sizes="33vw"
                src="/_next/image?url=%2Fassets%2Fmenu%2Fcontact-page.tablet.png&w=3840&q=75"
                srcset="/_next/image?url=%2Fassets%2Fmenu%2Fcontact-page.tablet.png&w=256&q=75 256w, /_next/image?url=%2Fassets%2Fmenu%2Fcontact-page.tablet.png&w=384&q=75 384w, /_next/image?url=%2Fassets%2Fmenu%2Fcontact-page.tablet.png&w=640&q=75 640w, /_next/image?url=%2Fassets%2Fmenu%2Fcontact-page.tablet.png&w=750&q=75 750w, /_next/image?url=%2Fassets%2Fmenu%2Fcontact-page.tablet.png&w=828&q=75 828w, /_next/image?url=%2Fassets%2Fmenu%2Fcontact-page.tablet.png&w=1080&q=75 1080w, /_next/image?url=%2Fassets%2Fmenu%2Fcontact-page.tablet.png&w=1200&q=75 1200w, /_next/image?url=%2Fassets%2Fmenu%2Fcontact-page.tablet.png&w=1920&q=75 1920w, /_next/image?url=%2Fassets%2Fmenu%2Fcontact-page.tablet.png&w=2048&q=75 2048w, /_next/image?url=%2Fassets%2Fmenu%2Fcontact-page.tablet.png&w=3840&q=75 3840w"
                style="position: absolute; height: 100%; width: 100%; left: 0px; top: 0px; right: 0px; bottom: 0px; color: transparent;"
              />
            </div>
            <div
              class="hidden lg:block"
            >
              <img
                alt="Contact"
                class="object-fill object-center lg:group-hover:scale-105 duration-500"
                data-nimg="fill"
                decoding="async"
                loading="lazy"
                sizes="33vw"
                src="/_next/image?url=%2Fassets%2Fmenu%2Fcontact-page.desktop.png&w=3840&q=75"
                srcset="/_next/image?url=%2Fassets%2Fmenu%2Fcontact-page.desktop.png&w=256&q=75 256w, /_next/image?url=%2Fassets%2Fmenu%2Fcontact-page.desktop.png&w=384&q=75 384w, /_next/image?url=%2Fassets%2Fmenu%2Fcontact-page.desktop.png&w=640&q=75 640w, /_next/image?url=%2Fassets%2Fmenu%2Fcontact-page.desktop.png&w=750&q=75 750w, /_next/image?url=%2Fassets%2Fmenu%2Fcontact-page.desktop.png&w=828&q=75 828w, /_next/image?url=%2Fassets%2Fmenu%2Fcontact-page.desktop.png&w=1080&q=75 1080w, /_next/image?url=%2Fassets%2Fmenu%2Fcontact-page.desktop.png&w=1200&q=75 1200w, /_next/image?url=%2Fassets%2Fmenu%2Fcontact-page.desktop.png&w=1920&q=75 1920w, /_next/image?url=%2Fassets%2Fmenu%2Fcontact-page.desktop.png&w=2048&q=75 2048w, /_next/image?url=%2Fassets%2Fmenu%2Fcontact-page.desktop.png&w=3840&q=75 3840w"
                style="position: absolute; height: 100%; width: 100%; left: 0px; top: 0px; right: 0px; bottom: 0px; color: transparent;"
              />
            </div>
          </div>
        </a>
      </div>
    </div>
  </nav>
</DocumentFragment>
`;
