// Jest Snapshot v1, https://goo.gl/fbAQLP

exports[`TESTING Blockquote Component GIVEN a Blockquote component with children WHEN the Blockquote Component is rendered for snapshot testing THEN it should match the snapshot 1`] = `
<DocumentFragment>
  <blockquote
    class="border-l-4 border-slate-300 italic pl-4 text-slate-400 mb-2"
    data-testid="blockquote-container"
  >
    <div>
      This is a blockquote
    </div>
  </blockquote>
</DocumentFragment>
`;
