// Jest Snapshot v1, https://goo.gl/fbAQLP

exports[`TESTING ScrollToElementButton Component GIVEN the ScrollToElementButton component with target ID and button text WHEN the component is rendered to snapshot THEN it should match the snapshot 1`] = `
<DocumentFragment>
  <div
    role="button"
  >
    Scroll to Target
  </div>
</DocumentFragment>
`;
